Barbara_Eibinger-Miedl
Mehrali_Gasimov
Kyaw_Myint
André_Ngongang_Ouandji
Cynthia_Y._Forde
Tomás_Pimentel
Moshe_Gutman
Francisco_Burdett_O'Connor
Atanas_Atanasov_(politician)
Richard_Sumah
Guillermo_Moreno_García
Khaled_bin_Mohamed_Al_Nahyan
Shqiprim_Arifi
Theodoros_Negris
Zoltán_Cséfalvay
József_Hertelendy_(1833–1891)
Segun_''Aeroland''_Adewale
Luis_Nava_Guibert
Stanisław_Sławiński
António_Júlio_de_Castro_Fernandes
Helena_Carreiras
Bashir_Bililiqo
Isidoro_de_María
